Presenter.hpp:40:18:virtual void touchgfx::Presenter::activate()	16	static
Presenter.hpp:50:18:virtual void touchgfx::Presenter::deactivate()	16	static
Presenter.hpp:55:13:touchgfx::Presenter::~Presenter()	16	static
Presenter.hpp:55:13:virtual touchgfx::Presenter::~Presenter()	16	static
Presenter.hpp:61:5:touchgfx::Presenter::Presenter()	16	static
ModelListener.hpp:9:5:ModelListener::ModelListener()	16	static
ModelListener.hpp:11:13:ModelListener::~ModelListener()	16	static
ModelListener.hpp:11:13:virtual ModelListener::~ModelListener()	16	static
ScreenanalysefPresenter.hpp:28:13:ScreenanalysefPresenter::~ScreenanalysefPresenter()	16	static
ScreenanalysefPresenter.hpp:28:13:virtual ScreenanalysefPresenter::~ScreenanalysefPresenter()	16	static
ScreenanalysefPresenter.cpp:4:1:ScreenanalysefPresenter::ScreenanalysefPresenter(ScreenanalysefView&)	16	static
ScreenanalysefPresenter.cpp:10:6:virtual void ScreenanalysefPresenter::activate()	16	static
ScreenanalysefPresenter.cpp:15:6:virtual void ScreenanalysefPresenter::deactivate()	16	static
ScreenanalysefPresenter.cpp:20:10:virtual uint16_t ScreenanalysefPresenter::setRecFlux(int)	16	static
