17:54:54 **** Incremental Build of configuration Debug for project spi_stm32 ****
make -j4 all 
arm-none-eabi-gcc "../Core/Src/main.c" -mcpu=cortex-m3 -std=gnu11 -g3 -DUSE_HAL_DRIVER -DSTM32L152xE -DDEBUG -c -I../Core/Inc -I../Drivers/STM32L1xx_HAL_Driver/Inc -I../Drivers/STM32L1xx_HAL_Driver/Inc/Legacy -I../Drivers/CMSIS/Device/ST/STM32L1xx/Include -I../Drivers/CMSIS/Include -O0 -ffunction-sections -fdata-sections -Wall -fstack-usage -MMD -MP -MF"Core/Src/main.d" -MT"Core/Src/main.o" --specs=nano.specs -mfloat-abi=soft -mthumb -o "Core/Src/main.o"
arm-none-eabi-gcc -o "spi_stm32.elf" @"objects.list"   -mcpu=cortex-m3 -T"C:\Users\youss\Desktop\spi_stm32\spi_stm32\STM32L152RETX_FLASH.ld" --specs=nosys.specs -Wl,-Map="spi_stm32.map" -Wl,--gc-sections -static --specs=nano.specs -mfloat-abi=soft -mthumb -Wl,--start-group -lc -lm -Wl,--end-group
Finished building target: spi_stm32.elf
 
arm-none-eabi-objdump -h -S  spi_stm32.elf  > "spi_stm32.list"
arm-none-eabi-objcopy  -O binary  spi_stm32.elf  "spi_stm32.bin"
arm-none-eabi-size   spi_stm32.elf 
   text	   data	    bss	    dec	    hex	filename
   8088	     20	   1660	   9768	   2628	spi_stm32.elf
Finished building: default.size.stdout
 
Finished building: spi_stm32.bin
 
Finished building: spi_stm32.list
 

17:54:55 Build Finished. 0 errors, 0 warnings. (took 1s.62ms)

