Types.hpp:130:5:touchgfx::Rect::Rect()	16	static
FrameBufferAllocator.hpp:112:13:touchgfx::FrameBufferAllocator::~FrameBufferAllocator()	16	static
FrameBufferAllocator.hpp:112:13:virtual touchgfx::FrameBufferAllocator::~FrameBufferAllocator()	16	static
HAL.hpp:100:13:touchgfx::HAL::~HAL()	16	static
HAL.hpp:100:13:virtual touchgfx::HAL::~HAL()	16	static
HAL.hpp:109:17:static touchgfx::HAL* touchgfx::HAL::getInstance()	4	static
HAL.hpp:123:18:virtual void touchgfx::HAL::setDisplayOrientation(touchgfx::DisplayOrientation)	16	static
HAL.hpp:281:28:virtual touchgfx::BlitOperations touchgfx::HAL::getBlitCaps()	16	static
HAL.hpp:528:10:void touchgfx::HAL::vSync()	16	static
HAL.hpp:538:18:virtual void touchgfx::HAL::backPorchExited()	16	static
HAL.hpp:570:18:virtual bool touchgfx::HAL::sampleKey(uint8_t&)	16	static
HAL.hpp:617:18:virtual void touchgfx::HAL::setFrameBufferStartAddresses(void*, void*, void*)	24	static
HAL.hpp:739:10:void touchgfx::HAL::setFrameBufferAllocator(touchgfx::FrameBufferAllocator*)	16	static
HAL.hpp:749:27:touchgfx::FrameBufferAllocator* touchgfx::HAL::getFrameBufferAllocator()	16	static
HAL.hpp:760:30:virtual touchgfx::FlashDataReader* touchgfx::HAL::getFlashDataReader() const	16	static
HAL.hpp:842:10:bool touchgfx::HAL::setFrameRefreshStrategy(touchgfx::HAL::FrameRefreshStrategy)	16	static
HAL.hpp:909:18:virtual void touchgfx::HAL::taskDelay(uint16_t)	16	static
HAL.hpp:936:22:virtual uint16_t touchgfx::HAL::getTFTCurrentLine()	16	static
HAL.hpp:947:21:virtual touchgfx::DMAType touchgfx::HAL::getDMAType()	16	static
HAL.hpp:1057:18:virtual void touchgfx::HAL::performDisplayOrientationChange()	16	static
HAL.hpp:1086:18:virtual void touchgfx::HAL::InvalidateCache()	16	static
HAL.hpp:1097:18:virtual void touchgfx::HAL::FlushCache()	16	static
TouchGFXGeneratedHAL.hpp:104:18:virtual void TouchGFXGeneratedHAL::flushFrameBuffer()	16	static
core_cm4.h:1688:22:void __NVIC_EnableIRQ(IRQn_Type)	16	static
core_cm4.h:1724:22:void __NVIC_DisableIRQ(IRQn_Type)	16	static,ignoring_inline_asm
core_cm4.h:1816:22:void __NVIC_SetPriority(IRQn_Type, uint32_t)	16	static
TouchGFXGeneratedHAL.cpp:49:6:void TouchGFXGeneratedHAL::initialize()	24	static
TouchGFXGeneratedHAL.cpp:61:6:virtual void TouchGFXGeneratedHAL::configureInterrupts()	16	static
TouchGFXGeneratedHAL.cpp:66:6:virtual void TouchGFXGeneratedHAL::enableInterrupts()	16	static
TouchGFXGeneratedHAL.cpp:71:6:virtual void TouchGFXGeneratedHAL::disableInterrupts()	16	static
TouchGFXGeneratedHAL.cpp:76:6:virtual void TouchGFXGeneratedHAL::enableLCDControllerInterrupt()	16	static
TouchGFXGeneratedHAL.cpp:80:6:virtual bool TouchGFXGeneratedHAL::beginFrame()	16	static
TouchGFXGeneratedHAL.cpp:85:6:virtual void TouchGFXGeneratedHAL::endFrame()	16	static
TouchGFXGeneratedHAL.cpp:96:11:virtual uint16_t* TouchGFXGeneratedHAL::getTFTFrameBuffer() const	16	static
TouchGFXGeneratedHAL.cpp:102:6:virtual void TouchGFXGeneratedHAL::setTFTFrameBuffer(uint16_t*)	16	static
TouchGFXGeneratedHAL.cpp:107:6:virtual void TouchGFXGeneratedHAL::flushFrameBuffer(const touchgfx::Rect&)	40	static
TouchGFXGeneratedHAL.cpp:124:6:virtual bool TouchGFXGeneratedHAL::blockCopy(void*, const void*, uint32_t)	24	static
TouchGFXGeneratedHAL.cpp:140:13:void touchgfx::FrameBufferAllocatorWaitOnTransfer()	4	static
TouchGFXGeneratedHAL.cpp:152:13:void touchgfx::FrameBufferAllocatorSignalBlockDrawn()	4	static
TouchGFXGeneratedHAL.cpp:160:6:void touchgfx::startNewTransfer()	32	static
TouchGFXGeneratedHAL.cpp:177:6:void touchgfx::DisplayDriver_TransferCompleteCallback()	8	static
TouchGFXGeneratedHAL.cpp:185:6:void touchgfxSignalVSync()	8	static
FrameBufferAllocator.hpp:47:7:constexpr touchgfx::FrameBufferAllocator::FrameBufferAllocator()	16	static
FrameBufferAllocator.hpp:138:5:touchgfx::ManyBlockAllocator<block_size, blocks, bytes_pr_pixel>::ManyBlockAllocator() [with long unsigned int block_size = 4000; long unsigned int blocks = 20; long unsigned int bytes_pr_pixel = 2]	32	static
FrameBufferAllocator.hpp:135:7:touchgfx::ManyBlockAllocator<4000, 20, 2>::~ManyBlockAllocator()	16	static
FrameBufferAllocator.hpp:135:7:virtual touchgfx::ManyBlockAllocator<4000, 20, 2>::~ManyBlockAllocator()	16	static
TouchGFXGeneratedHAL.hpp:28:7:TouchGFXGeneratedHAL::~TouchGFXGeneratedHAL()	16	static
TouchGFXGeneratedHAL.hpp:28:7:virtual TouchGFXGeneratedHAL::~TouchGFXGeneratedHAL()	16	static
TouchGFXGeneratedHAL.cpp:192:1:void __static_initialization_and_destruction_0(int, int)	16	static
FrameBufferAllocator.hpp:161:22:uint16_t touchgfx::ManyBlockAllocator<block_size, blocks, bytes_pr_pixel>::allocateBlock(uint16_t, uint16_t, uint16_t, uint16_t, uint8_t**) [with long unsigned int block_size = 4000; long unsigned int blocks = 20; long unsigned int bytes_pr_pixel = 2]	32	static
FrameBufferAllocator.hpp:185:18:void touchgfx::ManyBlockAllocator<block_size, blocks, bytes_pr_pixel>::markBlockReadyForTransfer() [with long unsigned int block_size = 4000; long unsigned int blocks = 20; long unsigned int bytes_pr_pixel = 2]	16	static
FrameBufferAllocator.hpp:197:18:bool touchgfx::ManyBlockAllocator<block_size, blocks, bytes_pr_pixel>::hasBlockReadyForTransfer() [with long unsigned int block_size = 4000; long unsigned int blocks = 20; long unsigned int bytes_pr_pixel = 2]	24	static
FrameBufferAllocator.hpp:216:28:const uint8_t* touchgfx::ManyBlockAllocator<block_size, blocks, bytes_pr_pixel>::getBlockForTransfer(touchgfx::Rect&) [with long unsigned int block_size = 4000; long unsigned int blocks = 20; long unsigned int bytes_pr_pixel = 2]	16	static
FrameBufferAllocator.hpp:229:25:const touchgfx::Rect& touchgfx::ManyBlockAllocator<block_size, blocks, bytes_pr_pixel>::peekBlockForTransfer() [with long unsigned int block_size = 4000; long unsigned int blocks = 20; long unsigned int bytes_pr_pixel = 2]	24	static
FrameBufferAllocator.hpp:240:18:bool touchgfx::ManyBlockAllocator<block_size, blocks, bytes_pr_pixel>::hasEmptyBlock() [with long unsigned int block_size = 4000; long unsigned int blocks = 20; long unsigned int bytes_pr_pixel = 2]	24	static
FrameBufferAllocator.hpp:255:18:void touchgfx::ManyBlockAllocator<block_size, blocks, bytes_pr_pixel>::freeBlockAfterTransfer() [with long unsigned int block_size = 4000; long unsigned int blocks = 20; long unsigned int bytes_pr_pixel = 2]	16	static
TouchGFXGeneratedHAL.cpp:192:1:cpp)	8	static
TouchGFXGeneratedHAL.cpp:192:1:cpp)	8	static
