Presenter.hpp:40:18:virtual void touchgfx::Presenter::activate()	16	static
Presenter.hpp:50:18:virtual void touchgfx::Presenter::deactivate()	16	static
Presenter.hpp:55:13:touchgfx::Presenter::~Presenter()	16	static
Presenter.hpp:55:13:virtual touchgfx::Presenter::~Presenter()	16	static
Presenter.hpp:61:5:touchgfx::Presenter::Presenter()	16	static
ModelListener.hpp:9:5:ModelListener::ModelListener()	16	static
ModelListener.hpp:11:13:ModelListener::~ModelListener()	16	static
ModelListener.hpp:11:13:virtual ModelListener::~ModelListener()	16	static
Screengenfluxvideo4Presenter.hpp:28:13:Screengenfluxvideo4Presenter::~Screengenfluxvideo4Presenter()	16	static
Screengenfluxvideo4Presenter.hpp:28:13:virtual Screengenfluxvideo4Presenter::~Screengenfluxvideo4Presenter()	16	static
Screengenfluxvideo4Presenter.cpp:4:1:Screengenfluxvideo4Presenter::Screengenfluxvideo4Presenter(Screengenfluxvideo4View&)	16	static
Screengenfluxvideo4Presenter.cpp:10:6:virtual void Screengenfluxvideo4Presenter::activate()	16	static
Screengenfluxvideo4Presenter.cpp:15:6:virtual void Screengenfluxvideo4Presenter::deactivate()	16	static
Screengenfluxvideo4Presenter.cpp:20:6:virtual void Screengenfluxvideo4Presenter::setGenFlux(int, int)	24	static
