Presenter.hpp:40:18:virtual void touchgfx::Presenter::activate()	16	static
Presenter.hpp:50:18:virtual void touchgfx::Presenter::deactivate()	16	static
Presenter.hpp:55:13:touchgfx::Presenter::~Presenter()	16	static
Presenter.hpp:55:13:virtual touchgfx::Presenter::~Presenter()	16	static
Presenter.hpp:61:5:touchgfx::Presenter::Presenter()	16	static
ModelListener.hpp:9:5:ModelListener::ModelListener()	16	static
ModelListener.hpp:11:13:ModelListener::~ModelListener()	16	static
ModelListener.hpp:11:13:virtual ModelListener::~ModelListener()	16	static
Screengenbus3Presenter.hpp:28:13:Screengenbus3Presenter::~Screengenbus3Presenter()	16	static
Screengenbus3Presenter.hpp:28:13:virtual Screengenbus3Presenter::~Screengenbus3Presenter()	16	static
Screengenbus3Presenter.cpp:4:1:Screengenbus3Presenter::Screengenbus3Presenter(Screengenbus3View&)	16	static
Screengenbus3Presenter.cpp:10:6:virtual void Screengenbus3Presenter::activate()	16	static
Screengenbus3Presenter.cpp:15:6:virtual void Screengenbus3Presenter::deactivate()	16	static
Screengenbus3Presenter.cpp:20:6:virtual void Screengenbus3Presenter::setGenBus(int, int)	24	static
